Warning: Some timing arcs have been disabled for breaking timing loops or because of constant propagation. Use the 'report_disable_timing' command to get the list of these disabled timing arcs. (PTE-003)
****************************************
Report : timing
	-path_type full
	-delay_type max
	-max_paths 1
	-sort_by slack
Design : four_bit_select_adder
Version: O-2018.06
Date   : Sun Nov 19 23:06:21 2023
****************************************


  Startpoint: A_reg_reg[0]
               (rising edge-triggered flip-flop clocked by clk)
  Endpoint: sum_reg_reg[3]
               (rising edge-triggered flip-flop clocked by clk)
  Path Group: clk
  Path Type: max

  Point                                    Incr       Path
  ---------------------------------------------------------------
  clock clk (rise edge)                    0.00       0.00
  clock network delay (ideal)              0.50       0.50
  A_reg_reg[0]/CLK (DFFSR)                 0.00       0.50 r
  A_reg_reg[0]/Q (DFFSR)                   0.61       1.11 f
  U40/Y (XOR2X1)                           0.30       1.41 f
  U39/Y (AOI22X1)                          0.15       1.56 r
  U38/Y (INVX1)                            0.27       1.83 f
  U37/Y (XOR2X1)                           0.31       2.14 f
  U36/Y (AOI22X1)                          0.27       2.41 r
  U34/Y (AOI21X1)                          0.20       2.61 f
  U33/Y (XNOR2X1)                          0.29       2.90 f
  U32/Y (XOR2X1)                           0.18       3.08 r
  sum_reg_reg[3]/D (DFFSR)                 0.00       3.08 r
  data arrival time                                   3.08

  clock clk (rise edge)                   10.00      10.00
  clock network delay (ideal)              0.50      10.50
  clock reconvergence pessimism            0.00      10.50
  clock uncertainty                       -0.50      10.00
  sum_reg_reg[3]/CLK (DFFSR)                         10.00 r
  library setup time                      -0.22       9.78
  data required time                                  9.78
  ---------------------------------------------------------------
  data required time                                  9.78
  data arrival time                                  -3.08
  ---------------------------------------------------------------
  slack (MET)                                         6.70


1
****************************************
Report : timing
	-path_type full
	-delay_type min
	-max_paths 1
	-sort_by slack
Design : four_bit_select_adder
Version: O-2018.06
Date   : Sun Nov 19 23:06:21 2023
****************************************


  Startpoint: B_reg_reg[3]
               (rising edge-triggered flip-flop clocked by clk)
  Endpoint: Cout_reg_reg
               (rising edge-triggered flip-flop clocked by clk)
  Path Group: clk
  Path Type: min

  Point                                    Incr       Path
  ---------------------------------------------------------------
  clock clk (rise edge)                    0.00       0.00
  clock network delay (ideal)              0.50       0.50
  B_reg_reg[3]/CLK (DFFSR)                 0.00       0.50 r
  B_reg_reg[3]/Q (DFFSR)                   0.45       0.95 f
  U42/Y (INVX1)                            0.19       1.15 r
  U25/Y (OAI21X1)                          0.07       1.22 f
  Cout_reg_reg/D (DFFSR)                   0.00       1.22 f
  data arrival time                                   1.22

  clock clk (rise edge)                    0.00       0.00
  clock network delay (ideal)              0.50       0.50
  clock reconvergence pessimism            0.00       0.50
  clock uncertainty                        0.50       1.00
  Cout_reg_reg/CLK (DFFSR)                            1.00 r
  library hold time                        0.09       1.09
  data required time                                  1.09
  ---------------------------------------------------------------
  data required time                                  1.09
  data arrival time                                  -1.22
  ---------------------------------------------------------------
  slack (MET)                                         0.13


1
