Loading db file '/home/amaso/common/Documents/ECE527/527_Project2/DCandPT/syn/work/osu05_stdcells.db'
Information: Propagating switching activity (low effort zero delay simulation). (PWR-6)
Warning: There is no defined clock in the design. (PWR-80)
Warning: Design has unannotated primary inputs. (PWR-414)
Warning: Design has unannotated sequential cell outputs. (PWR-415)
 
****************************************
Report : power
        -analysis_effort low
Design : four_bit_select_adder
Version: Q-2019.12-SP3
Date   : Sun Nov 19 13:54:16 2023
****************************************


Library(s) Used:

    osu05_stdcells (File: /home/amaso/common/Documents/ECE527/527_Project2/DCandPT/syn/work/osu05_stdcells.db)


Operating Conditions: typical   Library: osu05_stdcells
Wire Load Model Mode: top


Global Operating Voltage = 5    
Power-specific unit information :
    Voltage Units = 1V
    Capacitance Units = 1.000000pf
    Time Units = 1ns
    Dynamic Power Units = 1mW    (derived from V,C,T units)
    Leakage Power Units = 1nW


  Cell Internal Power  =   3.7986 mW   (85%)
  Net Switching Power  = 688.5215 uW   (15%)
                         ---------
Total Dynamic Power    =   4.4871 mW  (100%)

Cell Leakage Power     =  10.3095 nW

Information: report_power power group summary does not include estimated clock tree power. (PWR-789)

                 Internal         Switching           Leakage            Total
Power Group      Power            Power               Power              Power   (   %    )  Attrs
--------------------------------------------------------------------------------------------------
io_pad             0.0000            0.0000            0.0000            0.0000  (   0.00%)
memory             0.0000            0.0000            0.0000            0.0000  (   0.00%)
black_box          0.0000            0.0000            0.0000            0.0000  (   0.00%)
clock_network      0.0000            0.0000            0.0000            0.0000  (   0.00%)
register           0.0000            0.0000            0.0000            0.0000  (   0.00%)
sequential         3.0564            0.2824            6.9287            3.3388  (  74.41%)
combinational      0.7422            0.4061            3.3808            1.1484  (  25.59%)
--------------------------------------------------------------------------------------------------
Total              3.7986 mW         0.6885 mW        10.3095 nW         4.4871 mW
1
