Loading db file '/home/amaso/common/Documents/ECE527/527_Project2/DCandPT/syn/work/osu05_stdcells.db'
Information: Propagating switching activity (low effort zero delay simulation). (PWR-6)
Warning: There is no defined clock in the design. (PWR-80)
Warning: Design has unannotated primary inputs. (PWR-414)
Warning: Design has unannotated sequential cell outputs. (PWR-415)
 
****************************************
Report : power
        -analysis_effort low
Design : four_bit_select_adder
Version: Q-2019.12-SP3
Date   : Mon Nov 20 15:03:06 2023
****************************************


Library(s) Used:

    osu05_stdcells (File: /home/amaso/common/Documents/ECE527/527_Project2/DCandPT/syn/work/osu05_stdcells.db)


Operating Conditions: typical   Library: osu05_stdcells
Wire Load Model Mode: top


Global Operating Voltage = 5    
Power-specific unit information :
    Voltage Units = 1V
    Capacitance Units = 1.000000pf
    Time Units = 1ns
    Dynamic Power Units = 1mW    (derived from V,C,T units)
    Leakage Power Units = 1nW


  Cell Internal Power  =   3.7029 mW   (86%)
  Net Switching Power  = 606.9159 uW   (14%)
                         ---------
Total Dynamic Power    =   4.3098 mW  (100%)

Cell Leakage Power     =   9.0227 nW

Information: report_power power group summary does not include estimated clock tree power. (PWR-789)

                 Internal         Switching           Leakage            Total
Power Group      Power            Power               Power              Power   (   %    )  Attrs
--------------------------------------------------------------------------------------------------
io_pad             0.0000            0.0000            0.0000            0.0000  (   0.00%)
memory             0.0000            0.0000            0.0000            0.0000  (   0.00%)
black_box          0.0000            0.0000            0.0000            0.0000  (   0.00%)
clock_network      0.0000            0.0000            0.0000            0.0000  (   0.00%)
register           0.0000            0.0000            0.0000            0.0000  (   0.00%)
sequential         3.0591            0.1734            6.9287            3.2325  (  75.00%)
combinational      0.6439            0.4335            2.0940            1.0774  (  25.00%)
--------------------------------------------------------------------------------------------------
Total              3.7029 mW         0.6069 mW         9.0227 nW         4.3099 mW
1
