Loading db file '/u/amaso/Documents/ECE527/527_Project2/dc_shell/osu05_stdcells.db'
Information: Propagating switching activity (low effort zero delay simulation). (PWR-6)
Warning: There is no defined clock in the design. (PWR-80)
Warning: Design has unannotated primary inputs. (PWR-414)
Warning: Design has unannotated sequential cell outputs. (PWR-415)
Warning: Design has unannotated black box outputs. (PWR-428)
 
****************************************
Report : power
        -analysis_effort low
Design : four_bit_select_adder
Version: Q-2019.12-SP3
Date   : Fri Nov 17 03:53:41 2023
****************************************


Library(s) Used:

    osu05_stdcells (File: /u/amaso/Documents/ECE527/527_Project2/dc_shell/osu05_stdcells.db)


Operating Conditions: typical   Library: osu05_stdcells
Wire Load Model Mode: top


Global Operating Voltage = 5    
Power-specific unit information :
    Voltage Units = 1V
    Capacitance Units = 1.000000pf
    Time Units = 1ns
    Dynamic Power Units = 1mW    (derived from V,C,T units)
    Leakage Power Units = 1nW


  Cell Internal Power  =   5.4320 mW   (90%)
  Net Switching Power  = 594.0309 uW   (10%)
                         ---------
Total Dynamic Power    =   6.0261 mW  (100%)

Cell Leakage Power     =   7.4109 nW

Information: report_power power group summary does not include estimated clock tree power. (PWR-789)

                 Internal         Switching           Leakage            Total
Power Group      Power            Power               Power              Power   (   %    )  Attrs
--------------------------------------------------------------------------------------------------
io_pad             0.0000            0.0000            0.0000            0.0000  (   0.00%)
memory             0.0000            0.0000            0.0000            0.0000  (   0.00%)
black_box          0.0000            0.0000            0.0000            0.0000  (   0.00%)
clock_network      0.0000            0.0000            0.0000            0.0000  (   0.00%)
register           0.0000            0.0000            0.0000            0.0000  (   0.00%)
sequential         4.9908            0.0000            6.9287            4.9908  (  82.82%)
combinational      0.4412            0.5940            0.4822            1.0352  (  17.18%)
--------------------------------------------------------------------------------------------------
Total              5.4320 mW         0.5940 mW         7.4109 nW         6.0261 mW
1
