Warning: Design 'four_bit_select_adder' has '1' unresolved references. For more detailed information, use the "link" command. (UID-341)
 
****************************************
Report : cell
Design : four_bit_select_adder
Version: Q-2019.12-SP3
Date   : Fri Nov 17 03:53:41 2023
****************************************

Attributes:
    b - black box (unknown)
    h - hierarchical
    n - noncombinational
    r - removable
   so - sizing only
    u - contains unmapped logic

Cell                      Reference       Library             Area  Attributes
--------------------------------------------------------------------------------
A_reg_reg[0]              DFFSR           osu05_stdcells  1584.000000
                                                                    n, so
A_reg_reg[1]              DFFSR           osu05_stdcells  1584.000000
                                                                    n, so
A_reg_reg[2]              DFFSR           osu05_stdcells  1584.000000
                                                                    n, so
A_reg_reg[3]              DFFSR           osu05_stdcells  1584.000000
                                                                    n, so
B_reg_reg[0]              DFFSR           osu05_stdcells  1584.000000
                                                                    n, so
B_reg_reg[1]              DFFSR           osu05_stdcells  1584.000000
                                                                    n, so
B_reg_reg[2]              DFFSR           osu05_stdcells  1584.000000
                                                                    n, so
B_reg_reg[3]              DFFSR           osu05_stdcells  1584.000000
                                                                    n, so
Cout_reg_reg              DFFSR           osu05_stdcells  1584.000000
                                                                    n
U23                       INVX1           osu05_stdcells  144.000000
U24                       MUX2X1          osu05_stdcells  432.000000
U25                       INVX1           osu05_stdcells  144.000000
U26                       MUX2X1          osu05_stdcells  432.000000
U27                       INVX1           osu05_stdcells  144.000000
U28                       MUX2X1          osu05_stdcells  432.000000
lower_adder               two_bit_adder                   0.000000  b
sum_reg_reg[0]            DFFSR           osu05_stdcells  1584.000000
                                                                    n
sum_reg_reg[1]            DFFSR           osu05_stdcells  1584.000000
                                                                    n
sum_reg_reg[2]            DFFSR           osu05_stdcells  1584.000000
                                                                    n
sum_reg_reg[3]            DFFSR           osu05_stdcells  1584.000000
                                                                    n
upper_adder_0             two_bit_adder                   0.000000  b
upper_adder_1             two_bit_adder                   0.000000  b
--------------------------------------------------------------------------------
Total 22 cells                                            22320.000000
1
