Warning: Design 'four_bit_select_adder' has '1' unresolved references. For more detailed information, use the "link" command. (UID-341)
 
****************************************
Report : area
Design : four_bit_select_adder
Version: Q-2019.12-SP3
Date   : Fri Nov 17 03:53:41 2023
****************************************

Information: Updating design information... (UID-85)
Library(s) Used:

    osu05_stdcells (File: /u/amaso/Documents/ECE527/527_Project2/dc_shell/osu05_stdcells.db)

Number of ports:                           16
Number of nets:                            54
Number of cells:                           37
Number of combinational cells:              6
Number of sequential cells:                16
Number of macros/black boxes:               0
Number of buf/inv:                          3
Number of references:                       4

Combinational area:               1728.000000
Buf/Inv area:                      432.000000
Noncombinational area:           20592.000000
Macro/Black Box area:                0.000000
Net Interconnect area:      undefined  (No wire load specified)

Total cell area:                 22320.000000
Total area:                 undefined

Information: This design contains black box (unknown) components. (RPT-8)
1
